
> LeadTrack Pro@0.1.0 test
> vitest src/tests/executive_scenarios.test.tsx --run


[1m[46m RUN [49m[22m [36mv4.0.13 [39m[90m/Users/ashish/Development Projects/TenderTrackingApplication/Tendertrackerapp[39m

[90mstdout[2m | src/tests/executive_scenarios.test.tsx[2m > [22m[2mExecutive Test Cases - Phase 1 & 2[2m > [22m[2mExecutive Scenario 1: User Management & Role Assignment[2m > [22m[2mshould allow an admin to create a new user and assign a role
[22m[39mDEBUG: Filter State: {
  filterRole: [32m'all'[39m,
  filterStatus: [32m'all'[39m,
  searchTerm: [32m''[39m,
  totalUsers: [33m0[39m,
  filteredCount: [33m0[39m
}

[90mstdout[2m | src/tests/executive_scenarios.test.tsx[2m > [22m[2mExecutive Test Cases - Phase 1 & 2[2m > [22m[2mExecutive Scenario 1: User Management & Role Assignment[2m > [22m[2mshould allow an admin to create a new user and assign a role
[22m[39mDEBUG: API Response: {"success":true,"data":{"data":[{"id":1,"fullName":"Admin User","email":"admin@example.com","role":"Admin","status":"Active"}],"total":1,"page":1,"pageSize":10}}

[90mstdout[2m | src/tests/executive_scenarios.test.tsx[2m > [22m[2mExecutive Test Cases - Phase 1 & 2[2m > [22m[2mExecutive Scenario 1: User Management & Role Assignment[2m > [22m[2mshould allow an admin to create a new user and assign a role
[22m[39mDEBUG: Filter State: {
  filterRole: [32m'all'[39m,
  filterStatus: [32m'all'[39m,
  searchTerm: [32m''[39m,
  totalUsers: [33m1[39m,
  filteredCount: [33m1[39m
}
Rendering row for: Admin User

 [31m❯[39m src/tests/executive_scenarios.test.tsx [2m([22m[2m3 tests[22m[2m | [22m[31m1 failed[39m[2m)[22m[33m 1209[2mms[22m[39m
[31m       [31m×[31m should allow an admin to create a new user and assign a role[39m[33m 1028[2mms[22m[39m
       [32m✓[39m should allow creating a new company and adding a contact[32m 126[2mms[22m[39m
       [32m✓[39m should render Settings with the correct Obsidian design tokens (implied by classes)[32m 54[2mms[22m[39m

[31m⎯⎯⎯⎯⎯⎯⎯[39m[1m[41m Failed Tests 1 [49m[22m[31m⎯⎯⎯⎯⎯⎯⎯[39m

[41m[1m FAIL [22m[49m src/tests/executive_scenarios.test.tsx[2m > [22mExecutive Test Cases - Phase 1 & 2[2m > [22mExecutive Scenario 1: User Management & Role Assignment[2m > [22mshould allow an admin to create a new user and assign a role
[31m[1mTestingLibraryElementError[22m[39m: Found multiple elements with the text: Admin User

Here are the matching elements:

Ignored nodes: comments, script, style
[36m<p>[39m
  [0mAdmin User[0m
[36m</p>[39m

Ignored nodes: comments, script, style
[36m<p>[39m
  [0mAdmin User[0m
[36m</p>[39m

(If this is intentional, then use the `*AllBy*` variant of the query (like `queryAllByText`, `getAllByText`, or `findAllByText`)).

Ignored nodes: comments, script, style
[36m<body>[39m
  [36m<div>[39m
    [36m<div[39m
      [33mclass[39m=[32m"h-full flex flex-col bg-gray-50"[39m
    [36m>[39m
      [36m<div[39m
        [33mclass[39m=[32m"bg-white border-b px-6 py-4"[39m
      [36m>[39m
        [36m<div[39m
          [33mclass[39m=[32m"flex items-center justify-between"[39m
        [36m>[39m
          [36m<div>[39m
            [36m<h1[39m
              [33mclass[39m=[32m"text-2xl flex items-center gap-2"[39m
            [36m>[39m
              [36m<svg[39m
                [33mclass[39m=[32m"lucide lucide-users w-6 h-6"[39m
                [33mfill[39m=[32m"none"[39m
                [33mheight[39m=[32m"24"[39m
                [33mstroke[39m=[32m"currentColor"[39m
                [33mstroke-linecap[39m=[32m"round"[39m
                [33mstroke-linejoin[39m=[32m"round"[39m
                [33mstroke-width[39m=[32m"2"[39m
                [33mviewBox[39m=[32m"0 0 24 24"[39m
                [33mwidth[39m=[32m"24"[39m
                [33mxmlns[39m=[32m"http://www.w3.org/2000/svg"[39m
              [36m>[39m
                [36m<path[39m
                  [33md[39m=[32m"M16 21v-2a4 4 0 0 0-4-4H6a4 4 0 0 0-4 4v2"[39m
                [36m/>[39m
                [36m<circle[39m
                  [33mcx[39m=[32m"9"[39m
                  [33mcy[39m=[32m"7"[39m
                  [33mr[39m=[32m"4"[39m
                [36m/>[39m
                [36m<path[39m
                  [33md[39m=[32m"M22 21v-2a4 4 0 0 0-3-3.87"[39m
                [36m/>[39m
                [36m<path[39m
                  [33md[39m=[32m"M16 3.13a4 4 0 0 1 0 7.75"[39m
                [36m/>[39m
              [36m</svg>[39m
              [0mUser Management[0m
            [36m</h1>[39m
            [36m<p[39m
              [33mclass[39m=[32m"text-sm text-muted-foreground mt-1"[39m
            [36m>[39m
              [0mManage users, roles, and permissions[0m
            [36m</p>[39m
          [36m</div>[39m
          [36m<button[39m
            [33mclass[39m=[32m"inline-flex items-center justify-center gap-2 whitespace-nowrap rounded-md text-sm font-medium transition-colors disabled:pointer-events-none disabled:opacity-50 [&_svg]:pointer-events-none [&_svg:not([class*='size-'])]:size-4 shrink-0 [&_svg]:shrink-0 outline-none focus-visible:ring-1 focus-visible:ring-gray-900 aria-invalid:ring-red-500/20 aria-invalid:border-red-500 bg-gray-900 text-white hover:bg-gray-800 shadow-sm h-9 px-4 py-2 has-[>svg]:px-3"[39m
            [33mdata-slot[39m=[32m"button"[39m
            [33mdata-testid[39m=[32m"btn-add-user"[39m
          [36m>[39m
            [36m<svg[39m
              [33mclass[39m=[32m"lucide lucide-plus w-4 h-4 mr-2"[39m
              [33mfill[39m=[32m"none"[39m
              [33mheight[39m=[32m"24"[39m
              [33mstroke[39m=[32m"currentColor"[39m
              [33mstroke-linecap[39m=[32m"round"[39m
              [33mstroke-linejoin[39m=[32m"round"[39m
              [33mstroke-width[39m=[32m"2"[39m
              [33mviewBox[39m=[32m"0 0 24 24"[39m
              [33mwidth[39m=[32m"24"[39m
              [33mxmlns[39m=[32m"http://www.w3.org/2000/svg"[39m
            [36m>[39m
              [36m<path[39m
                [33md[39m=[32m"M5 12h14"[39m
              [36m/>[39m
              [36m<path[39m
                [33md[39m=[32m"M12 5v14"[39m
              [36m/>[39m
            [36m</svg>[39m
            [0mAdd User[0m
          [36m</button>[39m
        [36m</div>[39m
      [36m</div>[39m
      [36m<div[39m
        [33mclass[39m=[32m"flex-1"[39m
      [36m>[39m
        [36m<div[39m
          [33mclass[39m=[32m"p-6 space-y-6"[39m
        [36m>[39m
          [36m<div[39m
            [33mclass[39m=[32m"w-full"[39m
            [33mdata-value[39m=[32m"all"[39m
          [36m>[39m
            [36m<div>[39m
              [36m<button[39m
                [33mdata-value[39m=[32m"all"[39m
                [33mrole[39m=[32m"tab"[39m
              [36m>[39m
                [36m<svg[39m
                  [33mclass[39m=[32m"lucide lucide-users w-4 h-4"[39m
                  [33mfill[39m=[32m"none"[39m
                  [33mheight[39m=[32m"24"[39m
                  [33mstroke[39m=[32m"currentColor"[39m
                  [33mstroke-linecap[39m=[32m"round"[39m
                  [33mstroke-linejoin[39m=[32m"round"[39m
                  [33mstroke-width[39m=[32m"2"[39m
                  [33mviewBox[39m=[32m"0 0 24 24"[39m
                  [33mwidth[39m=[32m"24"[39m
                  [33mxmlns[39m=[32m"http://www.w3.org/2000/svg"[39m
                [36m>[39m
                  [36m<path[39m
                    [33md[39m=[32m"M16 21v-2a4 4 0 0 0-4-4H6a4 4 0 0 0-4 4v2"[39m
                  [36m/>[39m
                  [36m<circle[39m
                    [33mcx[39m=[32m"9"[39m
                    [33mcy[39m=[32m"7"[39m
                    [33mr[39m=[32m"4"[39m
                  [36m/>[39m
                  [36m<path[39m
                    [33md[39m=[32m"M22 21v-2a4 4 0 0 0-3-3.87"[39m
                  [36m/>[39m
                  [36m<path[39m
                    [33md[39m=[32m"M16 3.13a4 4 0 0 1 0 7.75"[39m
                  [36m/>[39m
                [36m</svg>[39m
                [0mAll Users[0m
              [36m</button>[39m
              [36m<button[39m
                [33mdata-value[39m=[32m"active"[39m
                [33mrole[39m=[32m"tab"[39m
              [36m>[39m
                [36m<svg[39m
                  [33mclass[39m=[32m"lucide lucide-user-check w-4 h-4"[39m
                  [33mfill[39m=[32m"none"[39m
                  [33mheight[39m=[32m"24"[39m
                  [33mstroke[39m=[32m"currentColor"[39m
                  [33mstroke-linecap[39m=[32m"round"[39m
                  [33mstroke-linejoin[39m=[32m"round"[39m
                  [33mstroke-width[39m=[32m"2"[39m
                  [33mviewBox[39m=[32m"0 0 24 24"[39m
                  [33mwidth[39m=[32m"24"[39m
                  [33mxmlns[39m=[32m"http://www.w3.org/2000/svg"[39m
                [36m>[39m
                  [36m<path[39m
                    [33md[39m=[32m"M16 21v-2a4 4 0 0 0-4-4H6a4 4 0 0 0-4 4v2"[39m
                  [36m/>[39m
                  [36m<circle[39m
                    [33mcx[39m=[32m"9"[39m
                    [33mcy[39m=[32m"7"[39m
                    [33mr[39m=[32m"4"[39m
                  [36m/>[39m
                  [36m<polyline[39m
                    [33mpoints[39m=[32m"16 11 18 13 22 9"[39m
                  [36m/>[39m
                [36m</svg>[39m
                [0mActive ([0m
                [0m1[0m
                [0m)[0m
        ...

Ignored nodes: comments, script, style
[36m<html>[39m
  [36m<head />[39m
  [36m<body>[39m
    [36m<div>[39m
      [36m<div[39m
        [33mclass[39m=[32m"h-full flex flex-col bg-gray-50"[39m
      [36m>[39m
        [36m<div[39m
          [33mclass[39m=[32m"bg-white border-b px-6 py-4"[39m
        [36m>[39m
          [36m<div[39m
            [33mclass[39m=[32m"flex items-center justify-between"[39m
          [36m>[39m
            [36m<div>[39m
              [36m<h1[39m
                [33mclass[39m=[32m"text-2xl flex items-center gap-2"[39m
              [36m>[39m
                [36m<svg[39m
                  [33mclass[39m=[32m"lucide lucide-users w-6 h-6"[39m
                  [33mfill[39m=[32m"none"[39m
                  [33mheight[39m=[32m"24"[39m
                  [33mstroke[39m=[32m"currentColor"[39m
                  [33mstroke-linecap[39m=[32m"round"[39m
                  [33mstroke-linejoin[39m=[32m"round"[39m
                  [33mstroke-width[39m=[32m"2"[39m
                  [33mviewBox[39m=[32m"0 0 24 24"[39m
                  [33mwidth[39m=[32m"24"[39m
                  [33mxmlns[39m=[32m"http://www.w3.org/2000/svg"[39m
                [36m>[39m
                  [36m<path[39m
                    [33md[39m=[32m"M16 21v-2a4 4 0 0 0-4-4H6a4 4 0 0 0-4 4v2"[39m
                  [36m/>[39m
                  [36m<circle[39m
                    [33mcx[39m=[32m"9"[39m
                    [33mcy[39m=[32m"7"[39m
                    [33mr[39m=[32m"4"[39m
                  [36m/>[39m
                  [36m<path[39m
                    [33md[39m=[32m"M22 21v-2a4 4 0 0 0-3-3.87"[39m
                  [36m/>[39m
                  [36m<path[39m
                    [33md[39m=[32m"M16 3.13a4 4 0 0 1 0 7.75"[39m
                  [36m/>[39m
                [36m</svg>[39m
                [0mUser Management[0m
              [36m</h1>[39m
              [36m<p[39m
                [33mclass[39m=[32m"text-sm text-muted-foreground mt-1"[39m
              [36m>[39m
                [0mManage users, roles, and permissions[0m
              [36m</p>[39m
            [36m</div>[39m
            [36m<button[39m
              [33mclass[39m=[32m"inline-flex items-center justify-center gap-2 whitespace-nowrap rounded-md text-sm font-medium transition-colors disabled:pointer-events-none disabled:opacity-50 [&_svg]:pointer-events-none [&_svg:not([class*='size-'])]:size-4 shrink-0 [&_svg]:shrink-0 outline-none focus-visible:ring-1 focus-visible:ring-gray-900 aria-invalid:ring-red-500/20 aria-invalid:border-red-500 bg-gray-900 text-white hover:bg-gray-800 shadow-sm h-9 px-4 py-2 has-[>svg]:px-3"[39m
              [33mdata-slot[39m=[32m"button"[39m
              [33mdata-testid[39m=[32m"btn-add-user"[39m
            [36m>[39m
              [36m<svg[39m
                [33mclass[39m=[32m"lucide lucide-plus w-4 h-4 mr-2"[39m
                [33mfill[39m=[32m"none"[39m
                [33mheight[39m=[32m"24"[39m
                [33mstroke[39m=[32m"currentColor"[39m
                [33mstroke-linecap[39m=[32m"round"[39m
                [33mstroke-linejoin[39m=[32m"round"[39m
                [33mstroke-width[39m=[32m"2"[39m
                [33mviewBox[39m=[32m"0 0 24 24"[39m
                [33mwidth[39m=[32m"24"[39m
                [33mxmlns[39m=[32m"http://www.w3.org/2000/svg"[39m
              [36m>[39m
                [36m<path[39m
                  [33md[39m=[32m"M5 12h14"[39m
                [36m/>[39m
                [36m<path[39m
                  [33md[39m=[32m"M12 5v14"[39m
                [36m/>[39m
              [36m</svg>[39m
              [0mAdd User[0m
            [36m</button>[39m
          [36m</div>[39m
        [36m</div>[39m
        [36m<div[39m
          [33mclass[39m=[32m"flex-1"[39m
        [36m>[39m
          [36m<div[39m
            [33mclass[39m=[32m"p-6 space-y-6"[39m
          [36m>[39m
            [36m<div[39m
              [33mclass[39m=[32m"w-full"[39m
              [33mdata-value[39m=[32m"all"[39m
            [36m>[39m
              [36m<div>[39m
                [36m<button[39m
                  [33mdata-value[39m=[32m"all"[39m
                  [33mrole[39m=[32m"tab"[39m
                [36m>[39m
                  [36m<svg[39m
                    [33mclass[39m=[32m"lucide lucide-users w-4 h-4"[39m
                    [33mfill[39m=[32m"none"[39m
                    [33mheight[39m=[32m"24"[39m
                    [33mstroke[39m=[32m"currentColor"[39m
                    [33mstroke-linecap[39m=[32m"round"[39m
                    [33mstroke-linejoin[39m=[32m"round"[39m
                    [33mstroke-width[39m=[32m"2"[39m
                    [33mviewBox[39m=[32m"0 0 24 24"[39m
                    [33mwidth[39m=[32m"24"[39m
                    [33mxmlns[39m=[32m"http://www.w3.org/2000/svg"[39m
                  [36m>[39m
                    [36m<path[39m
                      [33md[39m=[32m"M16 21v-2a4 4 0 0 0-4-4H6a4 4 0 0 0-4 4v2"[39m
                    [36m/>[39m
                    [36m<circle[39m
                      [33mcx[39m=[32m"9"[39m
                      [33mcy[39m=[32m"7"[39m
                      [33mr[39m=[32m"4"[39m
                    [36m/>[39m
                    [36m<path[39m
                      [33md[39m=[32m"M22 21v-2a4 4 0 0 0-3-3.87"[39m
                    [36m/>[39m
                    [36m<path[39m
                      [33md[39m=[32m"M16 3.13a4 4 0 0 1 0 7.75"[39m
                    [36m/>[39m
                  [36m</svg>[39m
                  [0mAll Users[0m
                [36m</button>[39m
                [36m<button[39m
                  [33mdata-value[39m=[32m"active"[39m
                  [33mrole[39m=[32m"tab"[39m
                [36m>[39m
                  [36m<svg[39m
                    [33mclass[39m=[32m"lucide lucide-user-check w-4 h-4"[39m
                    [33mfill[39m=[32m"none"[39m
                    [33mheight[39m=[32m"24"[39m
                    [33mstroke[39m=[32m"currentColor"[39m
                    [33mstroke-linecap[39m=[32m"round"[39m
                    [33mstroke-linejoin[39m=[32m"round"[39m
                    [33mstroke-width[39m=[32m"2"[39m
                    [33mviewBox[39m=[32m"0 0 24 24"[39m
                    [33mwidth[39m=[32m"24"[39m
                    [33mxmlns[39m=[32m"http://www.w3.org/2000/svg"[39m
                  [36m>[39m
                    [36m<path[39m
                      [33md[39m=[32m"M16 21v-2a4 4 0 0 0-4-4H6a4 4 0 0 0-4 4v2"[39m
                    [36m/>[39m
                    [36m<circle[39m
                      [33mcx[39m=[32m"9"[39m
                      [33mcy[39m=[32m"7"[39m
            ...
[90m [2m❯[22m Proxy.waitFor node_modules/@testing-library/dom/dist/wait-for.js:[2m163:27[22m[39m
[36m [2m❯[22m src/tests/executive_scenarios.test.tsx:[2m153:19[22m[39m
    [90m151| [39m            [90m// Verify Initial Load[39m
    [90m152| [39m            expect(screen.getByText('User Management')).toBeInTheDocum…
    [90m153| [39m            [35mawait[39m [34mwaitFor[39m(() [33m=>[39m {
    [90m   | [39m                  [31m^[39m
    [90m154| [39m                expect(screen.queryByText('Loading users...')).not.toB…
    [90m155| [39m                expect(screen.getByText('Admin User')).toBeInTheDocume…

[31m[2m⎯⎯⎯⎯⎯⎯⎯⎯⎯⎯⎯⎯⎯⎯⎯⎯⎯⎯⎯⎯⎯⎯⎯⎯[1/1]⎯[22m[39m


[2m Test Files [22m [1m[31m1 failed[39m[22m[90m (1)[39m
[2m      Tests [22m [1m[31m1 failed[39m[22m[2m | [22m[1m[32m2 passed[39m[22m[90m (3)[39m
[2m   Start at [22m 12:28:37
[2m   Duration [22m 1.73s[2m (transform 167ms, setup 53ms, collect 243ms, tests 1.21s, environment 169ms, prepare 3ms)[22m

